== server_version=16.13 (Ubuntu 16.13-0ubuntu0.24.04.1) ==
   DEGRADED: production runs PostgreSQL 17.x. This run is 16.13 (Ubuntu 16.13-0ubuntu0.24.04.1), so it proves the DDL,
   the behaviour and the idempotency but NOT 17.x-specific behaviour. Every statement
   here (ADD COLUMN IF NOT EXISTS, CREATE UNIQUE INDEX ... WHERE, DROP INDEX IF EXISTS)
   is invariant across 11-17, and partial-index NULL handling has been unchanged since
   long before 15 made NULLS NOT DISTINCT an option — but the 17.6 run is CI's
   `migrations` job on the pull request, not this script.
   PostgreSQL 17.6 was not obtainable in the authoring session: only 16.x is installed,
   the Docker daemon is unavailable, and apt.postgresql.org is policy-denied by the
   egress proxy (403 on CONNECT). Recorded rather than approximated.

== 1. empty database ==
== 2. apply the chain UP TO BUT NOT INCLUDING Phase 6 ==
   chain applied: 110 migrations
== 2b. PREFLIGHT — every row must read CHECKED ==
SET
                                      assertion                                       | verdict |                                         detail                                          
--------------------------------------------------------------------------------------+---------+-----------------------------------------------------------------------------------------
 A1 20261115000000 is not yet APPLIED (a rolled-back attempt is history, not a block) | CHECKED | 0 row(s), 0 rolled back, 0 applied
 A2 its predecessor 20261114000000 is applied and finished                            | CHECKED | 1 finished row(s)
 A3 no migration is STUCK — every name has a finished, non-rolled-back row            | CHECKED | none stuck
 A4 auctions_deposit_id_key exists (this migration replaces it)                       | CHECKED | CREATE UNIQUE INDEX auctions_deposit_id_key ON public.auctions USING btree (deposit_id)
 A5 neither replacement index exists yet                                              | CHECKED | 0 already present
 A6 neither relaunch column exists yet                                                | CHECKED | 0 already present
 A7 no deposit carries more than one auction with a NULL original_auction_id          | CHECKED | none
 A8 no two auctions already share one original_auction_id                             | CHECKED | none
 A9 auction census (context, never a block)                                           | CHECKED | 0 auctions, 0 original, 0 retry, 0 distinct deposits

   preflight clean
== 2c. BEFORE snapshot: the Phase 6 objects must be MISSING and the absolute unique PRESENT ==
   every Phase 6 object confirmed absent, and the index it replaces confirmed present
== 3. apply Phase 6 ==
The following migration(s) have been applied:
  └─ 20261115000000_phase6_relaunch_partial_unique/
All migrations have been successfully applied.
== 4. verify — physical schema ==
   PRESENT  auctions.relaunched_at                                                   timestamp without time zone
   PRESENT  auctions.relaunch_count                                                  integer null=NO default=0
   PRESENT  auctions.relaunch_count is NOT NULL DEFAULT 0                            -
   PRESENT  index auctions_deposit_id_original_key                                   CREATE UNIQUE INDEX auctions_deposit_id_original_key ON publ
   PRESENT  auctions_deposit_id_original_key predicate is (original_auction_id IS NULL) -
   PRESENT  index auctions_original_auction_id_key                                   CREATE UNIQUE INDEX auctions_original_auction_id_key ON publ
   PRESENT  index auctions_deposit_id_key is REMOVED                                 absent
   PRESENT  auctions.original_auction_id still present (predates this wave)          -
   PRESENT  FK auctions_original_auction_id_fkey untouched                           -
   PRESENT  OfferStatus.NOT_SELECTED still WITHHELD                                  -
   PRESENT  offers_one_live_per_rooftop_candidate_key untouched                      -
   PRESENT  no deposit carries more than one ORIGINAL auction                        -
   all 12 assertions PRESENT
== 5. verify — _prisma_migrations ==
                migration_name                 |          started_at           |          finished_at          | rolled_back_at | applied_steps_count | verdict 
-----------------------------------------------+-------------------------------+-------------------------------+----------------+---------------------+---------
 20261115000000_phase6_relaunch_partial_unique | 2026-09-13 22:25:33.662537+00 | 2026-09-13 22:25:33.667753+00 |                |                   1 | OK

            assertion            | applied | verdict 
---------------------------------+---------+---------
 applied rows for 20261115000000 | 1       | OK

  assertion   | ledger_rows | distinct_migrations | rolled_back_rows 
--------------+-------------+---------------------+------------------
 chain totals | 111         | 111                 | 0

    assertion     | detail | verdict 
------------------+--------+---------
 stuck migrations | none   | OK

== 6. BEHAVIOUR — the ruling, not just the DDL ==
BEGIN
INSERT 0 1
INSERT 0 1
INSERT 0 1
INSERT 0 1
SAVEPOINT
DO
ROLLBACK
                        claim                         | verdict 
------------------------------------------------------+---------
 B1 second ORIGINAL auction on one deposit is REFUSED | PASS

INSERT 0 1
UPDATE 1
                       claim                        | verdict 
----------------------------------------------------+---------
 B2 a RELAUNCH sharing the same deposit is ACCEPTED | PASS

                 claim                 | verdict 
---------------------------------------+---------
 B2b the original records the relaunch | PASS

SAVEPOINT
DO
ROLLBACK
                        claim                         | verdict 
------------------------------------------------------+---------
 B3 a SECOND relaunch of the same original is REFUSED | PASS

SAVEPOINT
DO
ROLLBACK
                              claim                              | verdict 
-----------------------------------------------------------------+---------
 B4 a retry with a non-existent parent is REFUSED by the self-FK | PASS

ROLLBACK
                    claim                     | verdict 
----------------------------------------------+---------
 B5 fixtures rolled back — database unchanged | PASS

   every behaviour assertion held
== 7. idempotency: re-apply the migration BY HAND and prove the no-op ==
psql:/home/user/autolenisNewUpdatedfinal/frontend/prisma/migrations/20261115000000_phase6_relaunch_partial_unique/migration.sql:69: NOTICE:  column "relaunched_at" of relation "auctions" already exists, skipping
psql:/home/user/autolenisNewUpdatedfinal/frontend/prisma/migrations/20261115000000_phase6_relaunch_partial_unique/migration.sql:70: NOTICE:  column "relaunch_count" of relation "auctions" already exists, skipping
psql:/home/user/autolenisNewUpdatedfinal/frontend/prisma/migrations/20261115000000_phase6_relaunch_partial_unique/migration.sql:74: NOTICE:  relation "auctions_deposit_id_original_key" already exists, skipping
psql:/home/user/autolenisNewUpdatedfinal/frontend/prisma/migrations/20261115000000_phase6_relaunch_partial_unique/migration.sql:78: NOTICE:  relation "auctions_original_auction_id_key" already exists, skipping
psql:/home/user/autolenisNewUpdatedfinal/frontend/prisma/migrations/20261115000000_phase6_relaunch_partial_unique/migration.sql:80: NOTICE:  index "auctions_deposit_id_key" does not exist, skipping
   digest before re-apply: 54c7697c05e8e7f4dc3b87d5afa08c4a
   digest after  re-apply: 54c7697c05e8e7f4dc3b87d5afa08c4a
   identical — the migration is idempotent
== 8. verify again after the re-apply ==
   verification output byte-identical across the re-apply
== 9. ROLLBACK rehearsal — and its stated precondition ==
   rollback restored auctions_deposit_id_key
psql:/home/user/autolenisNewUpdatedfinal/frontend/prisma/migrations/20261115000000_phase6_relaunch_partial_unique/migration.sql:69: NOTICE:  column "relaunched_at" of relation "auctions" already exists, skipping
psql:/home/user/autolenisNewUpdatedfinal/frontend/prisma/migrations/20261115000000_phase6_relaunch_partial_unique/migration.sql:70: NOTICE:  column "relaunch_count" of relation "auctions" already exists, skipping
   forward migration re-applied after rollback; schema digest identical — the revert path is round-trip clean
== 10. drift gate — the chain must still match schema.prisma ==
  ok       missing table: 0
  ok       missing column: 0
  ok       missing enum value: 0

  structural statements: 344 (baseline 344)
  deferred by explicit exception: 4 statement(s) across 4 entr(ies)
    - [Phase 8 (owns e-sign; lands the Prisma relation with the uniqueness cutover)] "e_sign_envelopes" DROP COLUMN "co_buyer_id"
    - [Phase 8] DROP CONSTRAINT "e_sign_envelopes_co_buyer_id_fkey"
    - [Phase 8] DROP COLUMN "signer_kind"
    - [Phase 8] DROP INDEX "e_sign_envelopes_deal_id_signer_kind_key"

OK — no functional drift; structural drift at baseline.

== PHASE 6 MIGRATION PROOF: PASS on PostgreSQL 16.13 (Ubuntu 16.13-0ubuntu0.24.04.1) ==
   preflight -> apply -> verify (physical + ledger) -> behaviour -> re-apply -> no-op -> verify
   -> rollback -> re-apply -> digest identical -> drift at baseline

== 11. RUNTIME PROBE — the filtered relation count (probe-qualified-count.ts) ==
   Prisma accepts `_count: { select: { offers: { where } } }` at the type level and executes it
   without error whether or not the predicate reaches the database. `processAuctionClose` and
   `checkSLAs` both branch on it, so it is proven rather than assumed.

   Six offers seeded on one auction: SUBMITTED+future, SUBMITTED+NULL-expiry (a pre-Phase-6 row),
   SUBMITTED+disqualified, SUBMITTED+lapsed, WITHDRAWN (a superseded revision), DRAFT.

  unfiltered rows on the auction : 6
  FILTERED relation count        : 2
  lapsedOfferWhere swept          : 1
  qualified after the sweep      : 2
  PASS — the predicate is applied at the database

   The sweep matched exactly the lapsed row and left the NULL-expiry row alone, which is the
   boundary `offer-expiry.test.ts` pins in memory and this run confirms in PostgreSQL.

== PostgreSQL 16.13 (Ubuntu 16.13-0ubuntu0.24.04.1) — DEGRADED against production's 17.x, per §8 above ==
